// Jest Snapshot v1, https://goo.gl/fbAQLP

exports[`snapshot 1`] = `
<View
  style={
    {
      "alignSelf": "center",
      "backgroundColor": "#F5FDFF",
      "borderRadius": 16,
      "height": 140,
      "marginBottom": 20,
      "width": "90%",
    }
  }
>
  <View
    style={
      {
        "flex": 1,
        "flexDirection": "row",
        "margin": 15,
      }
    }
  >
    <View
      accessibilityIgnoresInvertColors={true}
      style={
        {
          "alignItems": "center",
          "borderRadius": 10,
          "flex": 1,
          "justifyContent": "flex-end",
          "overflow": "hidden",
        }
      }
    >
      <Image
        source={
          {
            "uri": "https://definicion.de/wp-content/uploads/2011/01/casa-2.jpg",
          }
        }
        style={
          [
            {
              "bottom": 0,
              "left": 0,
              "position": "absolute",
              "right": 0,
              "top": 0,
            },
            {
              "height": undefined,
              "width": undefined,
            },
            undefined,
          ]
        }
      />
      <View
        style={
          {
            "alignItems": "center",
            "backgroundColor": "#FBEDB7",
            "borderRadius": 20,
            "flexDirection": "row",
            "height": 25,
            "justifyContent": "center",
            "margin": 5,
            "width": 50,
          }
        }
      >
        <Text
          allowFontScaling={false}
          selectable={false}
          style={
            [
              {
                "color": "#EEBA00",
                "fontSize": 11,
              },
              undefined,
              {
                "fontFamily": "Fontisto",
                "fontStyle": "normal",
                "fontWeight": "normal",
              },
              {},
            ]
          }
        >
          
        </Text>
        <Text
          style={
            {
              "color": "#856D35",
              "fontSize": 14,
              "fontWeight": "bold",
              "marginLeft": 1,
            }
          }
        >
          4.7
        </Text>
      </View>
    </View>
    <View
      style={
        {
          "flex": 2,
          "justifyContent": "space-between",
          "marginLeft": 20,
        }
      }
    >
      <Text
        style={
          {
            "color": "#151525",
            "fontSize": 20,
            "fontWeight": "500",
          }
        }
      >
        The Willows
      </Text>
      <View
        style={
          {
            "flexDirection": "row",
          }
        }
      >
        <Text
          allowFontScaling={false}
          selectable={false}
          style={
            [
              {
                "color": "#000000",
                "fontSize": 20,
              },
              {
                "marginRight": 10,
              },
              {
                "fontFamily": "Octicons",
                "fontStyle": "normal",
                "fontWeight": "normal",
              },
              {},
            ]
          }
        >
          
        </Text>
        <Text
          style={
            {
              "color": "gray",
              "fontSize": 14,
            }
          }
        >
          3517 W. Gray St. Utica
        </Text>
      </View>
      <View
        style={
          {
            "flexDirection": "row",
          }
        }
      >
        <Text
          allowFontScaling={false}
          selectable={false}
          style={
            [
              {
                "color": "gray",
                "fontSize": 20,
              },
              {
                "marginRight": 10,
              },
              {
                "fontFamily": "Ionicons",
                "fontStyle": "normal",
                "fontWeight": "normal",
              },
              {},
            ]
          }
        >
          
        </Text>
        <Text
          style={
            [
              {
                "color": "#151525",
                "fontWeight": "bold",
              },
              {
                "fontSize": 16,
                "marginRight": 15,
              },
            ]
          }
        >
          3
        </Text>
        <Text
          allowFontScaling={false}
          selectable={false}
          style={
            [
              {
                "color": "gray",
                "fontSize": 20,
              },
              {
                "marginRight": 10,
              },
              {
                "fontFamily": "Material Design Icons",
                "fontStyle": "normal",
                "fontWeight": "normal",
              },
              {},
            ]
          }
        >
          󱠙
        </Text>
        <Text
          style={
            [
              {
                "color": "#151525",
                "fontWeight": "bold",
              },
              {
                "fontSize": 16,
                "marginRight": 15,
              },
            ]
          }
        >
          2
        </Text>
        <Text
          allowFontScaling={false}
          selectable={false}
          style={
            [
              {
                "color": "gray",
                "fontSize": 20,
              },
              {
                "marginRight": 10,
              },
              {
                "fontFamily": "Material Design Icons",
                "fontStyle": "normal",
                "fontWeight": "normal",
              },
              {},
            ]
          }
        >
          󰠡
        </Text>
        <Text
          style={
            [
              {
                "color": "#151525",
                "fontWeight": "bold",
              },
              {
                "fontSize": 16,
                "marginRight": 15,
              },
            ]
          }
        >
          230
           ft²
        </Text>
      </View>
      <View
        style={
          [
            {
              "flexDirection": "row",
            },
            {
              "justifyContent": "space-between",
            },
          ]
        }
      >
        <Text
          style={
            [
              {
                "color": "#151525",
                "fontWeight": "bold",
              },
              {
                "fontSize": 20,
              },
            ]
          }
        >
          $
          440
          /m
        </Text>
        <View
          accessibilityState={
            {
              "busy": undefined,
              "checked": undefined,
              "disabled": undefined,
              "expanded": undefined,
              "selected": undefined,
            }
          }
          accessibilityValue={
            {
              "max": undefined,
              "min": undefined,
              "now": undefined,
              "text": undefined,
            }
          }
          accessible={true}
          collapsable={false}
          focusable={true}
          onClick={[Function]}
          onResponderGrant={[Function]}
          onResponderMove={[Function]}
          onResponderRelease={[Function]}
          onResponderTerminate={[Function]}
          onResponderTerminationRequest={[Function]}
          onStartShouldSetResponder={[Function]}
          style={
            {
              "alignItems": "center",
              "alignSelf": "flex-end",
              "backgroundColor": "#00b074",
              "borderRadius": 20,
              "height": 25,
              "justifyContent": "center",
              "marginRight": 15,
              "opacity": 1,
              "width": 25,
            }
          }
          testID="likeButton"
        >
          <Text
            allowFontScaling={false}
            selectable={false}
            style={
              [
                {
                  "color": "white",
                  "fontSize": 15,
                },
                undefined,
                {
                  "fontFamily": "Material Design Icons",
                  "fontStyle": "normal",
                  "fontWeight": "normal",
                },
                {},
              ]
            }
            testID="iconLike"
          >
            󰣐
          </Text>
        </View>
      </View>
    </View>
  </View>
</View>
`;
